// Jest Snapshot v1, https://goo.gl/fbAQLP

exports[`Error Page is a Vue instance 1`] = `
<div
  class="text-center"
>
  <h2>
    Page not found
  </h2>
   
  <p
    class="text-center"
  >
    <a>
      Home page
    </a>
  </p>
</div>
`;
